User CeedQFunction 
1 Input Field
  [0] QFunction Field "w"
    Size 1
    EvalMode "interpolation"
1 Output Field
  [0] QFunction Field "qdata"
    Size 1
    EvalMode "interpolation"
User CeedQFunction 
2 Input Fields
  [0] QFunction Field "qdata"
    Size 1
    EvalMode "interpolation"
  [1] QFunction Field "u"
    Size 1
    EvalMode "interpolation"
1 Output Field
  [0] QFunction Field "v"
    Size 1
    EvalMode "interpolation"
